2026-10-05 11:53:38,969 - twister - INFO - Using Ninja..
2026-10-05 11:53:39,302 - twister - INFO - Zephyr version: v4.4.0
2026-10-05 11:53:39,315 - twister - DEBUG - Running cmake script /home/penia/zephyr_workspace/deps/zephyr/cmake/verify-toolchain.cmake
2026-10-05 11:53:39,315 - twister - DEBUG - Calling cmake: /home/penia/zephyrproject/.venv/bin/cmake -DFORMAT=json -P /home/penia/zephyr_workspace/deps/zephyr/cmake/verify-toolchain.cmake
2026-10-05 11:53:40,564 - twister - DEBUG - Finished running /home/penia/zephyr_workspace/deps/zephyr/cmake/verify-toolchain.cmake
2026-10-05 11:53:40,564 - twister - INFO - Using 'zephyr/gnu' toolchain variant.
2026-10-05 11:53:42,526 - twister - DEBUG - Reading testsuite configuration files under /home/penia/zephyr_workspace/zephyr-course/tests/ring_buf...
2026-10-05 11:53:42,526 - twister - DEBUG - Found possible testsuite in /home/penia/zephyr_workspace/zephyr-course/tests/ring_buf
2026-10-05 11:53:42,529 - twister - DEBUG - No duplicates found.
2026-10-05 11:53:42,530 - twister - DEBUG -  platform filter: ['native_sim']
2026-10-05 11:53:42,530 - twister - DEBUG - platform_pattern: []
2026-10-05 11:53:42,530 - twister - DEBUG -    vendor filter: []
2026-10-05 11:53:42,530 - twister - DEBUG -      arch_filter: None
2026-10-05 11:53:42,530 - twister - DEBUG -       tag_filter: None
2026-10-05 11:53:42,530 - twister - DEBUG -      exclude_tag: None
2026-10-05 11:53:42,530 - twister - DEBUG - Checking platform filter: ['native_sim']
2026-10-05 11:53:42,530 - twister - INFO - Building initial testsuite list...
2026-10-05 11:53:42,532 - twister - INFO - Built testsuite list in 0.00 seconds
2026-10-05 11:53:42,533 - twister - INFO - Writing JSON report /home/penia/zephyr_workspace/zephyr-course/twister-out/testplan.json
2026-10-05 11:53:42,558 - twister - INFO - JOBS: 12
2026-10-05 11:53:42,559 - twister - INFO - Adding tasks to the queue...
2026-10-05 11:53:42,559 - twister - DEBUG - adding native_sim/native/host/gnu/homework.unit.ring_buf
2026-10-05 11:53:42,561 - twister - INFO - Added initial list of jobs to queue
2026-10-05 11:53:42,573 - twister - DEBUG - Running cmake on /home/penia/zephyr_workspace/zephyr-course/tests/ring_buf for native_sim/native
2026-10-05 11:53:42,574 - twister - DEBUG - Calling cmake: /home/penia/zephyrproject/.venv/bin/cmake -B/home/penia/zephyr_workspace/zephyr-course/twister-out/native_sim_native/host_gnu/zephyr-course/tests/ring_buf/homework.unit.ring_buf -DTC_RUNID=afec683239c2e6cc35408f54f60d2187 -DTC_NAME=homework.unit.ring_buf -DCONFIG_COMPILER_WARNINGS_AS_ERRORS=y -DEXTRA_GEN_EDT_ARGS=--edtlib-Werror -GNinja -DPython3_EXECUTABLE=/home/penia/zephyrproject/.venv/bin/python3 -DZEPHYR_TOOLCHAIN_VARIANT=host/gnu -S/home/penia/zephyr_workspace/zephyr-course/tests/ring_buf -DBOARD=native_sim/native
2026-10-05 11:53:42,588 - twister - DEBUG - Launched 12 jobs
2026-10-05 11:53:53,305 - twister - DEBUG - Finished running cmake /home/penia/zephyr_workspace/zephyr-course/tests/ring_buf for native_sim/native in 10.73 seconds
2026-10-05 11:53:53,309 - twister - DEBUG - build test: native_sim/native/host/gnu/homework.unit.ring_buf
2026-10-05 11:53:53,309 - twister - DEBUG - Building /home/penia/zephyr_workspace/zephyr-course/tests/ring_buf for native_sim/native
2026-10-05 11:53:53,310 - twister - DEBUG - Running /home/penia/zephyrproject/.venv/bin/cmake --build /home/penia/zephyr_workspace/zephyr-course/twister-out/native_sim_native/host_gnu/zephyr-course/tests/ring_buf/homework.unit.ring_buf
2026-10-05 11:53:59,361 - twister - DEBUG - Finished building /home/penia/zephyr_workspace/zephyr-course/tests/ring_buf for native_sim/native in 6.05 seconds
2026-10-05 11:53:59,424 - twister - DEBUG - Determine test cases for test instance: native_sim/native/host/gnu/homework.unit.ring_buf
2026-10-05 11:53:59,425 - twister - DEBUG - Determine test cases for test suite: homework.unit.ring_buf
2026-10-05 11:53:59,516 - twister - DEBUG - Test instance native_sim/native/host/gnu/homework.unit.ring_buf already has 8 testcase(s) known: [<TestCase homework.unit.ring_buf.ring_buf_push_pop.push_full_returns_enospc with None>, <TestCase homework.unit.ring_buf.ring_buf_init.fresh_state with None>, <TestCase homework.unit.ring_buf.ring_buf_boundaries.peek_does_not_consume with None>, <TestCase homework.unit.ring_buf.ring_buf_push_pop.fifo_order with None>, <TestCase homework.unit.ring_buf.ring_buf_boundaries.is_full_after_fill with None>, <TestCase homework.unit.ring_buf.ring_buf_init.reinit_clears_state with None>, <TestCase homework.unit.ring_buf.ring_buf_boundaries.pop_null_returns_einval with None>, <TestCase homework.unit.ring_buf.ring_buf_push_pop.single_push_pop with None>]
2026-10-05 11:53:59,516 - twister - DEBUG - Detected 8 Ztest case(s): [homework.unit.ring_buf.ring_buf_boundaries.is_full_after_fill, homework.unit.ring_buf.ring_buf_boundaries.pop_null_returns_einval, homework.unit.ring_buf.ring_buf_boundaries.peek_does_not_consume, homework.unit.ring_buf.ring_buf_push_pop.push_full_returns_enospc, homework.unit.ring_buf.ring_buf_push_pop.fifo_order, homework.unit.ring_buf.ring_buf_push_pop.single_push_pop, homework.unit.ring_buf.ring_buf_init.reinit_clears_state, homework.unit.ring_buf.ring_buf_init.fresh_state] in /home/penia/zephyr_workspace/zephyr-course/twister-out/native_sim_native/host_gnu/zephyr-course/tests/ring_buf/homework.unit.ring_buf/zephyr/zephyr.elf
2026-10-05 11:53:59,519 - twister - DEBUG - run test: native_sim/native/host/gnu/homework.unit.ring_buf
2026-10-05 11:53:59,519 - twister - DEBUG - Reset instance status from 'passed' to None before run.
2026-10-05 11:53:59,520 - twister - DEBUG - Spawning process: /home/penia/zephyr_workspace/zephyr-course/twister-out/native_sim_native/host_gnu/zephyr-course/tests/ring_buf/homework.unit.ring_buf/zephyr/zephyr.exe
in directory: /home/penia/zephyr_workspace/zephyr-course/twister-out/native_sim_native/host_gnu/zephyr-course/tests/ring_buf/homework.unit.ring_buf
2026-10-05 11:53:59,520 - twister - DEBUG - Spawning BinaryHandler Thread for native_sim/native/host/gnu/homework.unit.ring_buf
2026-10-05 11:53:59,530 - twister - DEBUG - OUTPUT: *** Booting Zephyr OS build v4.4.0 ***
2026-10-05 11:53:59,530 - twister - DEBUG - OUTPUT: Running TESTSUITE ring_buf_boundaries
2026-10-05 11:53:59,531 - twister - DEBUG - OUTPUT: ===================================================================
2026-10-05 11:53:59,531 - twister - DEBUG - OUTPUT: START - test_pop_null_returns_einval
2026-10-05 11:53:59,531 - twister - DEBUG - OUTPUT: [00:00:00.000,000] [1;31m<err> ring_buf: value pointer is NULL[0m
2026-10-05 11:53:59,532 - twister - DEBUG - OUTPUT:  PASS - test_pop_null_returns_einval in 0.000 seconds
2026-10-05 11:53:59,532 - twister - DEBUG - OUTPUT: ===================================================================
2026-10-05 11:53:59,533 - twister - DEBUG - OUTPUT: START - test_is_full_after_fill
2026-10-05 11:53:59,533 - twister - DEBUG - OUTPUT:  PASS - test_is_full_after_fill in 0.000 seconds
2026-10-05 11:53:59,533 - twister - DEBUG - OUTPUT: ===================================================================
2026-10-05 11:53:59,534 - twister - DEBUG - OUTPUT: START - test_peek_does_not_consume
2026-10-05 11:53:59,534 - twister - DEBUG - OUTPUT:  PASS - test_peek_does_not_consume in 0.000 seconds
2026-10-05 11:53:59,534 - twister - DEBUG - OUTPUT: ===================================================================
2026-10-05 11:53:59,534 - twister - DEBUG - OUTPUT: START - test_peek_does_not_consume
2026-10-05 11:53:59,535 - twister - DEBUG - OUTPUT:  PASS - test_peek_does_not_consume in 0.000 seconds
2026-10-05 11:53:59,535 - twister - DEBUG - OUTPUT: ===================================================================
2026-10-05 11:53:59,535 - twister - DEBUG - OUTPUT: START - test_is_full_after_fill
2026-10-05 11:53:59,536 - twister - DEBUG - OUTPUT:  PASS - test_is_full_after_fill in 0.000 seconds
2026-10-05 11:53:59,536 - twister - DEBUG - OUTPUT: ===================================================================
2026-10-05 11:53:59,536 - twister - DEBUG - OUTPUT: START - test_pop_null_returns_einval
2026-10-05 11:53:59,537 - twister - DEBUG - OUTPUT: [00:00:00.000,000] [1;31m<err> ring_buf: value pointer is NULL[0m
2026-10-05 11:53:59,537 - twister - DEBUG - OUTPUT:  PASS - test_pop_null_returns_einval in 0.000 seconds
2026-10-05 11:53:59,537 - twister - DEBUG - OUTPUT: ===================================================================
2026-10-05 11:53:59,538 - twister - DEBUG - OUTPUT: START - test_peek_does_not_consume
2026-10-05 11:53:59,538 - twister - DEBUG - OUTPUT:  PASS - test_peek_does_not_consume in 0.000 seconds
2026-10-05 11:53:59,538 - twister - DEBUG - OUTPUT: ===================================================================
2026-10-05 11:53:59,539 - twister - DEBUG - OUTPUT: START - test_pop_null_returns_einval
2026-10-05 11:53:59,539 - twister - DEBUG - OUTPUT: [00:00:00.000,000] [1;31m<err> ring_buf: value pointer is NULL[0m
2026-10-05 11:53:59,539 - twister - DEBUG - OUTPUT:  PASS - test_pop_null_returns_einval in 0.000 seconds
2026-10-05 11:53:59,540 - twister - DEBUG - OUTPUT: ===================================================================
2026-10-05 11:53:59,540 - twister - DEBUG - OUTPUT: START - test_is_full_after_fill
2026-10-05 11:53:59,540 - twister - DEBUG - OUTPUT:  PASS - test_is_full_after_fill in 0.000 seconds
2026-10-05 11:53:59,541 - twister - DEBUG - OUTPUT: ===================================================================
2026-10-05 11:53:59,541 - twister - DEBUG - OUTPUT: TESTSUITE ring_buf_boundaries succeeded
2026-10-05 11:53:59,541 - twister - DEBUG - OUTPUT: Running TESTSUITE ring_buf_boundaries
2026-10-05 11:53:59,542 - twister - DEBUG - OUTPUT: ===================================================================
2026-10-05 11:53:59,542 - twister - DEBUG - OUTPUT: START - test_peek_does_not_consume
2026-10-05 11:53:59,542 - twister - DEBUG - OUTPUT:  PASS - test_peek_does_not_consume in 0.000 seconds
2026-10-05 11:53:59,543 - twister - DEBUG - OUTPUT: ===================================================================
2026-10-05 11:53:59,543 - twister - DEBUG - OUTPUT: START - test_is_full_after_fill
2026-10-05 11:53:59,543 - twister - DEBUG - OUTPUT:  PASS - test_is_full_after_fill in 0.000 seconds
2026-10-05 11:53:59,544 - twister - DEBUG - OUTPUT: ===================================================================
2026-10-05 11:53:59,544 - twister - DEBUG - OUTPUT: START - test_pop_null_returns_einval
2026-10-05 11:53:59,544 - twister - DEBUG - OUTPUT: [00:00:00.000,000] [1;31m<err> ring_buf: value pointer is NULL[0m
2026-10-05 11:53:59,545 - twister - DEBUG - OUTPUT:  PASS - test_pop_null_returns_einval in 0.000 seconds
2026-10-05 11:53:59,545 - twister - DEBUG - OUTPUT: ===================================================================
2026-10-05 11:53:59,545 - twister - DEBUG - OUTPUT: START - test_peek_does_not_consume
2026-10-05 11:53:59,545 - twister - DEBUG - OUTPUT:  PASS - test_peek_does_not_consume in 0.000 seconds
2026-10-05 11:53:59,546 - twister - DEBUG - OUTPUT: ===================================================================
2026-10-05 11:53:59,546 - twister - DEBUG - OUTPUT: START - test_is_full_after_fill
2026-10-05 11:53:59,546 - twister - DEBUG - OUTPUT:  PASS - test_is_full_after_fill in 0.000 seconds
2026-10-05 11:53:59,547 - twister - DEBUG - OUTPUT: ===================================================================
2026-10-05 11:53:59,547 - twister - DEBUG - OUTPUT: START - test_pop_null_returns_einval
2026-10-05 11:53:59,547 - twister - DEBUG - OUTPUT: [00:00:00.000,000] [1;31m<err> ring_buf: value pointer is NULL[0m
2026-10-05 11:53:59,548 - twister - DEBUG - OUTPUT:  PASS - test_pop_null_returns_einval in 0.000 seconds
2026-10-05 11:53:59,548 - twister - DEBUG - OUTPUT: ===================================================================
2026-10-05 11:53:59,548 - twister - DEBUG - OUTPUT: START - test_is_full_after_fill
2026-10-05 11:53:59,549 - twister - DEBUG - OUTPUT:  PASS - test_is_full_after_fill in 0.000 seconds
2026-10-05 11:53:59,549 - twister - DEBUG - OUTPUT: ===================================================================
2026-10-05 11:53:59,549 - twister - DEBUG - OUTPUT: START - test_peek_does_not_consume
2026-10-05 11:53:59,549 - twister - DEBUG - OUTPUT:  PASS - test_peek_does_not_consume in 0.000 seconds
2026-10-05 11:53:59,550 - twister - DEBUG - OUTPUT: ===================================================================
2026-10-05 11:53:59,550 - twister - DEBUG - OUTPUT: START - test_pop_null_returns_einval
2026-10-05 11:53:59,550 - twister - DEBUG - OUTPUT: [00:00:00.000,000] [1;31m<err> ring_buf: value pointer is NULL[0m
2026-10-05 11:53:59,550 - twister - DEBUG - OUTPUT:  PASS - test_pop_null_returns_einval in 0.000 seconds
2026-10-05 11:53:59,551 - twister - DEBUG - OUTPUT: ===================================================================
2026-10-05 11:53:59,551 - twister - DEBUG - OUTPUT: TESTSUITE ring_buf_boundaries succeeded
2026-10-05 11:53:59,551 - twister - DEBUG - OUTPUT: Running TESTSUITE ring_buf_boundaries
2026-10-05 11:53:59,552 - twister - DEBUG - OUTPUT: ===================================================================
2026-10-05 11:53:59,552 - twister - DEBUG - OUTPUT: START - test_is_full_after_fill
2026-10-05 11:53:59,552 - twister - DEBUG - OUTPUT:  PASS - test_is_full_after_fill in 0.000 seconds
2026-10-05 11:53:59,553 - twister - DEBUG - OUTPUT: ===================================================================
2026-10-05 11:53:59,553 - twister - DEBUG - OUTPUT: START - test_peek_does_not_consume
2026-10-05 11:53:59,553 - twister - DEBUG - OUTPUT:  PASS - test_peek_does_not_consume in 0.000 seconds
2026-10-05 11:53:59,554 - twister - DEBUG - OUTPUT: ===================================================================
2026-10-05 11:53:59,554 - twister - DEBUG - OUTPUT: START - test_pop_null_returns_einval
2026-10-05 11:53:59,555 - twister - DEBUG - OUTPUT: [00:00:00.000,000] [1;31m<err> ring_buf: value pointer is NULL[0m
2026-10-05 11:53:59,555 - twister - DEBUG - OUTPUT:  PASS - test_pop_null_returns_einval in 0.000 seconds
2026-10-05 11:53:59,555 - twister - DEBUG - OUTPUT: ===================================================================
2026-10-05 11:53:59,556 - twister - DEBUG - OUTPUT: START - test_peek_does_not_consume
2026-10-05 11:53:59,556 - twister - DEBUG - OUTPUT:  PASS - test_peek_does_not_consume in 0.000 seconds
2026-10-05 11:53:59,557 - twister - DEBUG - OUTPUT: ===================================================================
2026-10-05 11:53:59,557 - twister - DEBUG - OUTPUT: START - test_pop_null_returns_einval
2026-10-05 11:53:59,558 - twister - DEBUG - OUTPUT: [00:00:00.000,000] [1;31m<err> ring_buf: value pointer is NULL[0m
2026-10-05 11:53:59,558 - twister - DEBUG - OUTPUT:  PASS - test_pop_null_returns_einval in 0.000 seconds
2026-10-05 11:53:59,559 - twister - DEBUG - OUTPUT: ===================================================================
2026-10-05 11:53:59,559 - twister - DEBUG - OUTPUT: START - test_is_full_after_fill
2026-10-05 11:53:59,559 - twister - DEBUG - OUTPUT:  PASS - test_is_full_after_fill in 0.000 seconds
2026-10-05 11:53:59,560 - twister - DEBUG - OUTPUT: ===================================================================
2026-10-05 11:53:59,560 - twister - DEBUG - OUTPUT: START - test_peek_does_not_consume
2026-10-05 11:53:59,560 - twister - DEBUG - OUTPUT:  PASS - test_peek_does_not_consume in 0.000 seconds
2026-10-05 11:53:59,561 - twister - DEBUG - OUTPUT: ===================================================================
2026-10-05 11:53:59,561 - twister - DEBUG - OUTPUT: START - test_pop_null_returns_einval
2026-10-05 11:53:59,561 - twister - DEBUG - OUTPUT: [00:00:00.000,000] [1;31m<err> ring_buf: value pointer is NULL[0m
2026-10-05 11:53:59,562 - twister - DEBUG - OUTPUT:  PASS - test_pop_null_returns_einval in 0.000 seconds
2026-10-05 11:53:59,562 - twister - DEBUG - OUTPUT: ===================================================================
2026-10-05 11:53:59,562 - twister - DEBUG - OUTPUT: START - test_is_full_after_fill
2026-10-05 11:53:59,563 - twister - DEBUG - OUTPUT:  PASS - test_is_full_after_fill in 0.000 seconds
2026-10-05 11:53:59,563 - twister - DEBUG - OUTPUT: ===================================================================
2026-10-05 11:53:59,563 - twister - DEBUG - OUTPUT: TESTSUITE ring_buf_boundaries succeeded
2026-10-05 11:53:59,564 - twister - DEBUG - OUTPUT: Running TESTSUITE ring_buf_init
2026-10-05 11:53:59,564 - twister - DEBUG - OUTPUT: ===================================================================
2026-10-05 11:53:59,564 - twister - DEBUG - OUTPUT: START - test_reinit_clears_state
2026-10-05 11:53:59,565 - twister - DEBUG - OUTPUT:  PASS - test_reinit_clears_state in 0.000 seconds
2026-10-05 11:53:59,565 - twister - DEBUG - OUTPUT: ===================================================================
2026-10-05 11:53:59,566 - twister - DEBUG - OUTPUT: START - test_fresh_state
2026-10-05 11:53:59,566 - twister - DEBUG - OUTPUT:  PASS - test_fresh_state in 0.000 seconds
2026-10-05 11:53:59,566 - twister - DEBUG - OUTPUT: ===================================================================
2026-10-05 11:53:59,566 - twister - DEBUG - OUTPUT: START - test_reinit_clears_state
2026-10-05 11:53:59,567 - twister - DEBUG - OUTPUT:  PASS - test_reinit_clears_state in 0.000 seconds
2026-10-05 11:53:59,567 - twister - DEBUG - OUTPUT: ===================================================================
2026-10-05 11:53:59,567 - twister - DEBUG - OUTPUT: START - test_fresh_state
2026-10-05 11:53:59,568 - twister - DEBUG - OUTPUT:  PASS - test_fresh_state in 0.000 seconds
2026-10-05 11:53:59,568 - twister - DEBUG - OUTPUT: ===================================================================
2026-10-05 11:53:59,568 - twister - DEBUG - OUTPUT: START - test_reinit_clears_state
2026-10-05 11:53:59,569 - twister - DEBUG - OUTPUT:  PASS - test_reinit_clears_state in 0.000 seconds
2026-10-05 11:53:59,569 - twister - DEBUG - OUTPUT: ===================================================================
2026-10-05 11:53:59,569 - twister - DEBUG - OUTPUT: START - test_fresh_state
2026-10-05 11:53:59,569 - twister - DEBUG - OUTPUT:  PASS - test_fresh_state in 0.000 seconds
2026-10-05 11:53:59,570 - twister - DEBUG - OUTPUT: ===================================================================
2026-10-05 11:53:59,570 - twister - DEBUG - OUTPUT: TESTSUITE ring_buf_init succeeded
2026-10-05 11:53:59,571 - twister - DEBUG - OUTPUT: Running TESTSUITE ring_buf_init
2026-10-05 11:53:59,571 - twister - DEBUG - OUTPUT: ===================================================================
2026-10-05 11:53:59,571 - twister - DEBUG - OUTPUT: START - test_fresh_state
2026-10-05 11:53:59,572 - twister - DEBUG - OUTPUT:  PASS - test_fresh_state in 0.000 seconds
2026-10-05 11:53:59,572 - twister - DEBUG - OUTPUT: ===================================================================
2026-10-05 11:53:59,572 - twister - DEBUG - OUTPUT: START - test_reinit_clears_state
2026-10-05 11:53:59,573 - twister - DEBUG - OUTPUT:  PASS - test_reinit_clears_state in 0.000 seconds
2026-10-05 11:53:59,573 - twister - DEBUG - OUTPUT: ===================================================================
2026-10-05 11:53:59,573 - twister - DEBUG - OUTPUT: START - test_fresh_state
2026-10-05 11:53:59,574 - twister - DEBUG - OUTPUT:  PASS - test_fresh_state in 0.000 seconds
2026-10-05 11:53:59,574 - twister - DEBUG - OUTPUT: ===================================================================
2026-10-05 11:53:59,574 - twister - DEBUG - OUTPUT: START - test_reinit_clears_state
2026-10-05 11:53:59,575 - twister - DEBUG - OUTPUT:  PASS - test_reinit_clears_state in 0.000 seconds
2026-10-05 11:53:59,575 - twister - DEBUG - OUTPUT: ===================================================================
2026-10-05 11:53:59,575 - twister - DEBUG - OUTPUT: START - test_reinit_clears_state
2026-10-05 11:53:59,575 - twister - DEBUG - OUTPUT:  PASS - test_reinit_clears_state in 0.000 seconds
2026-10-05 11:53:59,576 - twister - DEBUG - OUTPUT: ===================================================================
2026-10-05 11:53:59,576 - twister - DEBUG - OUTPUT: START - test_fresh_state
2026-10-05 11:53:59,577 - twister - DEBUG - OUTPUT:  PASS - test_fresh_state in 0.000 seconds
2026-10-05 11:53:59,577 - twister - DEBUG - OUTPUT: ===================================================================
2026-10-05 11:53:59,577 - twister - DEBUG - OUTPUT: TESTSUITE ring_buf_init succeeded
2026-10-05 11:53:59,578 - twister - DEBUG - OUTPUT: Running TESTSUITE ring_buf_init
2026-10-05 11:53:59,578 - twister - DEBUG - OUTPUT: ===================================================================
2026-10-05 11:53:59,578 - twister - DEBUG - OUTPUT: START - test_fresh_state
2026-10-05 11:53:59,579 - twister - DEBUG - OUTPUT:  PASS - test_fresh_state in 0.000 seconds
2026-10-05 11:53:59,579 - twister - DEBUG - OUTPUT: ===================================================================
2026-10-05 11:53:59,579 - twister - DEBUG - OUTPUT: START - test_reinit_clears_state
2026-10-05 11:53:59,579 - twister - DEBUG - OUTPUT:  PASS - test_reinit_clears_state in 0.000 seconds
2026-10-05 11:53:59,580 - twister - DEBUG - OUTPUT: ===================================================================
2026-10-05 11:53:59,580 - twister - DEBUG - OUTPUT: START - test_fresh_state
2026-10-05 11:53:59,580 - twister - DEBUG - OUTPUT:  PASS - test_fresh_state in 0.000 seconds
2026-10-05 11:53:59,581 - twister - DEBUG - OUTPUT: ===================================================================
2026-10-05 11:53:59,581 - twister - DEBUG - OUTPUT: START - test_reinit_clears_state
2026-10-05 11:53:59,581 - twister - DEBUG - OUTPUT:  PASS - test_reinit_clears_state in 0.000 seconds
2026-10-05 11:53:59,582 - twister - DEBUG - OUTPUT: ===================================================================
2026-10-05 11:53:59,582 - twister - DEBUG - OUTPUT: START - test_reinit_clears_state
2026-10-05 11:53:59,582 - twister - DEBUG - OUTPUT:  PASS - test_reinit_clears_state in 0.000 seconds
2026-10-05 11:53:59,583 - twister - DEBUG - OUTPUT: ===================================================================
2026-10-05 11:53:59,583 - twister - DEBUG - OUTPUT: START - test_fresh_state
2026-10-05 11:53:59,584 - twister - DEBUG - OUTPUT:  PASS - test_fresh_state in 0.000 seconds
2026-10-05 11:53:59,584 - twister - DEBUG - OUTPUT: ===================================================================
2026-10-05 11:53:59,584 - twister - DEBUG - OUTPUT: TESTSUITE ring_buf_init succeeded
2026-10-05 11:53:59,585 - twister - DEBUG - OUTPUT: Running TESTSUITE ring_buf_push_pop
2026-10-05 11:53:59,585 - twister - DEBUG - OUTPUT: ===================================================================
2026-10-05 11:53:59,586 - twister - DEBUG - OUTPUT: START - test_push_full_returns_enospc
2026-10-05 11:53:59,586 - twister - DEBUG - OUTPUT: [00:00:00.000,000] [1;33m<wrn> ring_buf: buffer full (capacity=4)[0m
2026-10-05 11:53:59,587 - twister - DEBUG - OUTPUT:  PASS - test_push_full_returns_enospc in 0.000 seconds
2026-10-05 11:53:59,587 - twister - DEBUG - OUTPUT: ===================================================================
2026-10-05 11:53:59,588 - twister - DEBUG - OUTPUT: START - test_single_push_pop
2026-10-05 11:53:59,588 - twister - DEBUG - OUTPUT:  PASS - test_single_push_pop in 0.000 seconds
2026-10-05 11:53:59,588 - twister - DEBUG - OUTPUT: ===================================================================
2026-10-05 11:53:59,589 - twister - DEBUG - OUTPUT: START - test_fifo_order
2026-10-05 11:53:59,589 - twister - DEBUG - OUTPUT:  PASS - test_fifo_order in 0.000 seconds
2026-10-05 11:53:59,589 - twister - DEBUG - OUTPUT: ===================================================================
2026-10-05 11:53:59,590 - twister - DEBUG - OUTPUT: START - test_push_full_returns_enospc
2026-10-05 11:53:59,590 - twister - DEBUG - OUTPUT: [00:00:00.000,000] [1;33m<wrn> ring_buf: buffer full (capacity=4)[0m
2026-10-05 11:53:59,590 - twister - DEBUG - OUTPUT:  PASS - test_push_full_returns_enospc in 0.000 seconds
2026-10-05 11:53:59,591 - twister - DEBUG - OUTPUT: ===================================================================
2026-10-05 11:53:59,591 - twister - DEBUG - OUTPUT: START - test_fifo_order
2026-10-05 11:53:59,591 - twister - DEBUG - OUTPUT:  PASS - test_fifo_order in 0.000 seconds
2026-10-05 11:53:59,591 - twister - DEBUG - OUTPUT: ===================================================================
2026-10-05 11:53:59,592 - twister - DEBUG - OUTPUT: START - test_single_push_pop
2026-10-05 11:53:59,592 - twister - DEBUG - OUTPUT:  PASS - test_single_push_pop in 0.000 seconds
2026-10-05 11:53:59,592 - twister - DEBUG - OUTPUT: ===================================================================
2026-10-05 11:53:59,593 - twister - DEBUG - OUTPUT: START - test_single_push_pop
2026-10-05 11:53:59,593 - twister - DEBUG - OUTPUT:  PASS - test_single_push_pop in 0.000 seconds
2026-10-05 11:53:59,593 - twister - DEBUG - OUTPUT: ===================================================================
2026-10-05 11:53:59,594 - twister - DEBUG - OUTPUT: START - test_push_full_returns_enospc
2026-10-05 11:53:59,594 - twister - DEBUG - OUTPUT: [00:00:00.000,000] [1;33m<wrn> ring_buf: buffer full (capacity=4)[0m
2026-10-05 11:53:59,594 - twister - DEBUG - OUTPUT:  PASS - test_push_full_returns_enospc in 0.000 seconds
2026-10-05 11:53:59,595 - twister - DEBUG - OUTPUT: ===================================================================
2026-10-05 11:53:59,595 - twister - DEBUG - OUTPUT: START - test_fifo_order
2026-10-05 11:53:59,595 - twister - DEBUG - OUTPUT:  PASS - test_fifo_order in 0.000 seconds
2026-10-05 11:53:59,595 - twister - DEBUG - OUTPUT: ===================================================================
2026-10-05 11:53:59,596 - twister - DEBUG - OUTPUT: TESTSUITE ring_buf_push_pop succeeded
2026-10-05 11:53:59,596 - twister - DEBUG - OUTPUT: Running TESTSUITE ring_buf_push_pop
2026-10-05 11:53:59,596 - twister - DEBUG - OUTPUT: ===================================================================
2026-10-05 11:53:59,597 - twister - DEBUG - OUTPUT: START - test_push_full_returns_enospc
2026-10-05 11:53:59,597 - twister - DEBUG - OUTPUT: [00:00:00.000,000] [1;33m<wrn> ring_buf: buffer full (capacity=4)[0m
2026-10-05 11:53:59,597 - twister - DEBUG - OUTPUT:  PASS - test_push_full_returns_enospc in 0.000 seconds
2026-10-05 11:53:59,597 - twister - DEBUG - OUTPUT: ===================================================================
2026-10-05 11:53:59,598 - twister - DEBUG - OUTPUT: START - test_single_push_pop
2026-10-05 11:53:59,598 - twister - DEBUG - OUTPUT:  PASS - test_single_push_pop in 0.000 seconds
2026-10-05 11:53:59,598 - twister - DEBUG - OUTPUT: ===================================================================
2026-10-05 11:53:59,599 - twister - DEBUG - OUTPUT: START - test_fifo_order
2026-10-05 11:53:59,599 - twister - DEBUG - OUTPUT:  PASS - test_fifo_order in 0.000 seconds
2026-10-05 11:53:59,599 - twister - DEBUG - OUTPUT: ===================================================================
2026-10-05 11:53:59,599 - twister - DEBUG - OUTPUT: START - test_fifo_order
2026-10-05 11:53:59,600 - twister - DEBUG - OUTPUT:  PASS - test_fifo_order in 0.000 seconds
2026-10-05 11:53:59,600 - twister - DEBUG - OUTPUT: ===================================================================
2026-10-05 11:53:59,600 - twister - DEBUG - OUTPUT: START - test_push_full_returns_enospc
2026-10-05 11:53:59,601 - twister - DEBUG - OUTPUT: [00:00:00.000,000] [1;33m<wrn> ring_buf: buffer full (capacity=4)[0m
2026-10-05 11:53:59,601 - twister - DEBUG - OUTPUT:  PASS - test_push_full_returns_enospc in 0.000 seconds
2026-10-05 11:53:59,601 - twister - DEBUG - OUTPUT: ===================================================================
2026-10-05 11:53:59,601 - twister - DEBUG - OUTPUT: START - test_single_push_pop
2026-10-05 11:53:59,602 - twister - DEBUG - OUTPUT:  PASS - test_single_push_pop in 0.000 seconds
2026-10-05 11:53:59,602 - twister - DEBUG - OUTPUT: ===================================================================
2026-10-05 11:53:59,602 - twister - DEBUG - OUTPUT: START - test_fifo_order
2026-10-05 11:53:59,603 - twister - DEBUG - OUTPUT:  PASS - test_fifo_order in 0.000 seconds
2026-10-05 11:53:59,603 - twister - DEBUG - OUTPUT: ===================================================================
2026-10-05 11:53:59,604 - twister - DEBUG - OUTPUT: START - test_push_full_returns_enospc
2026-10-05 11:53:59,604 - twister - DEBUG - OUTPUT: [00:00:00.000,000] [1;33m<wrn> ring_buf: buffer full (capacity=4)[0m
2026-10-05 11:53:59,604 - twister - DEBUG - OUTPUT:  PASS - test_push_full_returns_enospc in 0.000 seconds
2026-10-05 11:53:59,604 - twister - DEBUG - OUTPUT: ===================================================================
2026-10-05 11:53:59,605 - twister - DEBUG - OUTPUT: START - test_single_push_pop
2026-10-05 11:53:59,605 - twister - DEBUG - OUTPUT:  PASS - test_single_push_pop in 0.000 seconds
2026-10-05 11:53:59,605 - twister - DEBUG - OUTPUT: ===================================================================
2026-10-05 11:53:59,606 - twister - DEBUG - OUTPUT: TESTSUITE ring_buf_push_pop succeeded
2026-10-05 11:53:59,606 - twister - DEBUG - OUTPUT: Running TESTSUITE ring_buf_push_pop
2026-10-05 11:53:59,606 - twister - DEBUG - OUTPUT: ===================================================================
2026-10-05 11:53:59,607 - twister - DEBUG - OUTPUT: START - test_single_push_pop
2026-10-05 11:53:59,607 - twister - DEBUG - OUTPUT:  PASS - test_single_push_pop in 0.000 seconds
2026-10-05 11:53:59,607 - twister - DEBUG - OUTPUT: ===================================================================
2026-10-05 11:53:59,607 - twister - DEBUG - OUTPUT: START - test_fifo_order
2026-10-05 11:53:59,608 - twister - DEBUG - OUTPUT:  PASS - test_fifo_order in 0.000 seconds
2026-10-05 11:53:59,608 - twister - DEBUG - OUTPUT: ===================================================================
2026-10-05 11:53:59,608 - twister - DEBUG - OUTPUT: START - test_push_full_returns_enospc
2026-10-05 11:53:59,609 - twister - DEBUG - OUTPUT: [00:00:00.000,000] [1;33m<wrn> ring_buf: buffer full (capacity=4)[0m
2026-10-05 11:53:59,609 - twister - DEBUG - OUTPUT:  PASS - test_push_full_returns_enospc in 0.000 seconds
2026-10-05 11:53:59,609 - twister - DEBUG - OUTPUT: ===================================================================
2026-10-05 11:53:59,610 - twister - DEBUG - OUTPUT: START - test_single_push_pop
2026-10-05 11:53:59,610 - twister - DEBUG - OUTPUT:  PASS - test_single_push_pop in 0.000 seconds
2026-10-05 11:53:59,610 - twister - DEBUG - OUTPUT: ===================================================================
2026-10-05 11:53:59,610 - twister - DEBUG - OUTPUT: START - test_push_full_returns_enospc
2026-10-05 11:53:59,611 - twister - DEBUG - OUTPUT: [00:00:00.000,000] [1;33m<wrn> ring_buf: buffer full (capacity=4)[0m
2026-10-05 11:53:59,611 - twister - DEBUG - OUTPUT:  PASS - test_push_full_returns_enospc in 0.000 seconds
2026-10-05 11:53:59,611 - twister - DEBUG - OUTPUT: ===================================================================
2026-10-05 11:53:59,612 - twister - DEBUG - OUTPUT: START - test_fifo_order
2026-10-05 11:53:59,612 - twister - DEBUG - OUTPUT:  PASS - test_fifo_order in 0.000 seconds
2026-10-05 11:53:59,612 - twister - DEBUG - OUTPUT: ===================================================================
2026-10-05 11:53:59,612 - twister - DEBUG - OUTPUT: START - test_single_push_pop
2026-10-05 11:53:59,613 - twister - DEBUG - OUTPUT:  PASS - test_single_push_pop in 0.000 seconds
2026-10-05 11:53:59,613 - twister - DEBUG - OUTPUT: ===================================================================
2026-10-05 11:53:59,613 - twister - DEBUG - OUTPUT: START - test_push_full_returns_enospc
2026-10-05 11:53:59,614 - twister - DEBUG - OUTPUT: [00:00:00.000,000] [1;33m<wrn> ring_buf: buffer full (capacity=4)[0m
2026-10-05 11:53:59,614 - twister - DEBUG - OUTPUT:  PASS - test_push_full_returns_enospc in 0.000 seconds
2026-10-05 11:53:59,614 - twister - DEBUG - OUTPUT: ===================================================================
2026-10-05 11:53:59,614 - twister - DEBUG - OUTPUT: START - test_fifo_order
2026-10-05 11:53:59,615 - twister - DEBUG - OUTPUT:  PASS - test_fifo_order in 0.000 seconds
2026-10-05 11:53:59,615 - twister - DEBUG - OUTPUT: ===================================================================
2026-10-05 11:53:59,615 - twister - DEBUG - OUTPUT: TESTSUITE ring_buf_push_pop succeeded
2026-10-05 11:53:59,616 - twister - DEBUG - OUTPUT: 
2026-10-05 11:53:59,616 - twister - DEBUG - OUTPUT: ------ TESTSUITE SUMMARY START ------
2026-10-05 11:53:59,616 - twister - DEBUG - OUTPUT: 
2026-10-05 11:53:59,616 - twister - DEBUG - OUTPUT: SUITE PASS - 100.00% [ring_buf_boundaries]: pass = 3, fail = 0, skip = 0, total = 3 duration = 0.000 seconds
2026-10-05 11:53:59,617 - twister - DEBUG - OUTPUT:  - PASS - [ring_buf_boundaries.test_is_full_after_fill] duration = 0.000 seconds
2026-10-05 11:53:59,617 - twister - DEBUG - OUTPUT:  - PASS - [ring_buf_boundaries.test_peek_does_not_consume] duration = 0.000 seconds
2026-10-05 11:53:59,617 - twister - DEBUG - OUTPUT:  - PASS - [ring_buf_boundaries.test_pop_null_returns_einval] duration = 0.000 seconds
2026-10-05 11:53:59,618 - twister - DEBUG - OUTPUT: 
2026-10-05 11:53:59,618 - twister - DEBUG - OUTPUT: SUITE PASS - 100.00% [ring_buf_init]: pass = 2, fail = 0, skip = 0, total = 2 duration = 0.000 seconds
2026-10-05 11:53:59,618 - twister - DEBUG - OUTPUT:  - PASS - [ring_buf_init.test_fresh_state] duration = 0.000 seconds
2026-10-05 11:53:59,619 - twister - DEBUG - OUTPUT:  - PASS - [ring_buf_init.test_reinit_clears_state] duration = 0.000 seconds
2026-10-05 11:53:59,619 - twister - DEBUG - OUTPUT: 
2026-10-05 11:53:59,619 - twister - DEBUG - OUTPUT: SUITE PASS - 100.00% [ring_buf_push_pop]: pass = 3, fail = 0, skip = 0, total = 3 duration = 0.000 seconds
2026-10-05 11:53:59,620 - twister - DEBUG - OUTPUT:  - PASS - [ring_buf_push_pop.test_fifo_order] duration = 0.000 seconds
2026-10-05 11:53:59,620 - twister - DEBUG - OUTPUT:  - PASS - [ring_buf_push_pop.test_push_full_returns_enospc] duration = 0.000 seconds
2026-10-05 11:53:59,620 - twister - DEBUG - OUTPUT:  - PASS - [ring_buf_push_pop.test_single_push_pop] duration = 0.000 seconds
2026-10-05 11:53:59,621 - twister - DEBUG - OUTPUT: 
2026-10-05 11:53:59,621 - twister - DEBUG - OUTPUT: ------ TESTSUITE SUMMARY END ------
2026-10-05 11:53:59,621 - twister - DEBUG - OUTPUT: 
2026-10-05 11:53:59,622 - twister - DEBUG - OUTPUT: ===================================================================
2026-10-05 11:53:59,622 - twister - DEBUG - OUTPUT: RunID: afec683239c2e6cc35408f54f60d2187
2026-10-05 11:53:59,622 - twister - DEBUG - OUTPUT: PROJECT EXECUTION SUCCESSFUL
2026-10-05 11:53:59,626 - twister - DEBUG - Expected suite names:['ring_buf_init', 'ring_buf_push_pop', 'ring_buf_boundaries']
2026-10-05 11:53:59,626 - twister - DEBUG - Detected suite names:['ring_buf_boundaries', 'ring_buf_init', 'ring_buf_push_pop']
2026-10-05 11:53:59,626 - twister - DEBUG - run status: native_sim/native/host/gnu/homework.unit.ring_buf passed
2026-10-05 11:53:59,635 - twister - INFO - 1 test scenarios (1 configurations) selected, 0 configurations filtered (0 by static filter, 0 at runtime).
2026-10-05 11:53:59,642 - twister - INFO - [32m1 of 1[39m executed test configurations passed (100.00%), 0 built (not run), 0 failed, 0 errored, with no warnings in 20.67 seconds.
2026-10-05 11:53:59,642 - twister - INFO - 8 of 8 executed test cases passed (100.00%) on 1 out of total 1473 platforms (0.07%).
2026-10-05 11:53:59,642 - twister - INFO - [32m1[39m test configurations executed on platforms, [36m0[39m test configurations were only built.
2026-10-05 11:53:59,643 - twister - INFO - Saving reports...
2026-10-05 11:53:59,643 - twister - INFO - Writing JSON report /home/penia/zephyr_workspace/zephyr-course/twister-out/twister.json
2026-10-05 11:53:59,643 - twister - INFO - Writing xunit report /home/penia/zephyr_workspace/zephyr-course/twister-out/twister.xml...
2026-10-05 11:53:59,645 - twister - INFO - Writing xunit report /home/penia/zephyr_workspace/zephyr-course/twister-out/twister_report.xml...
2026-10-05 11:53:59,646 - twister - INFO - Run completed
